** WARNING: connection is not using a post-quantum key exchange algorithm.
** This session may be vulnerable to "store now, decrypt later" attacks.
** The server may need to be upgraded. See https://openssh.com/pq.html
...................status: done
active
NVIDIA L40S, 46068 MiB, 580.173.02
downloading uv 0.11.31 x86_64-unknown-linux-gnu
installing to /home/study/.local/bin
  uv
  uvx
everything's installed!

To add $HOME/.local/bin to your PATH, either restart your shell or run:

    source $HOME/.local/bin/env (sh, bash, zsh)
    source $HOME/.local/bin/env.fish (fish)
Cloning into '/home/study/jev-guided-decoding'...
Note: switching to '7e570c0'.

You are in 'detached HEAD' state. You can look around, make experimental
changes and commit them, and you can discard any commits you make in this
state without impacting any branches by switching back to a branch.

If you want to create a new branch to retain commits you create, you may
do so (now or later) by using -c with the switch command. Example:

  git switch -c <new-branch-name>

Or undo this operation with:

  git switch -

Turn off this advice by setting config variable advice.detachedHead to false

HEAD is now at 7e570c0 feat: freeze single-prefill Jev boundary experiment
Downloading cpython-3.12.13-linux-x86_64-gnu (download) (32.6MiB)
 Downloaded cpython-3.12.13-linux-x86_64-gnu (download)
Using CPython 3.12.13
Creating virtual environment at: .venv
Resolved 52 packages in 0.57ms
   Building jev-guided-decoding @ file:///home/study/jev-guided-decoding
Downloading hf-xet (4.3MiB)
Downloading sympy (6.0MiB)
Downloading nvidia-cublas-cu12 (566.8MiB)
Downloading numpy (15.9MiB)
Downloading nvidia-cufile-cu12 (1.1MiB)
Downloading tokenizers (3.1MiB)
Downloading pygments (1.2MiB)
Downloading nvidia-curand-cu12 (60.7MiB)
Downloading ruff (9.8MiB)
Downloading transformers (11.4MiB)
Downloading nvidia-cufft-cu12 (184.2MiB)
Downloading nvidia-nccl-cu12 (307.4MiB)
Downloading torch (846.8MiB)
Downloading triton (148.4MiB)
Downloading nvidia-cusparse-cu12 (274.9MiB)
Downloading nvidia-cusparselt-cu12 (273.9MiB)
Downloading networkx (2.0MiB)
Downloading nvidia-cudnn-cu12 (674.0MiB)
Downloading nvidia-nvjitlink-cu12 (37.4MiB)
Downloading nvidia-cuda-cupti-cu12 (9.8MiB)
Downloading nvidia-cuda-nvrtc-cu12 (84.0MiB)
Downloading nvidia-cusolver-cu12 (255.1MiB)
 Downloaded nvidia-cufile-cu12
 Downloaded pygments
 Downloaded tokenizers
      Built jev-guided-decoding @ file:///home/study/jev-guided-decoding
 Downloaded hf-xet
 Downloaded networkx
 Downloaded nvidia-cuda-cupti-cu12
 Downloaded ruff
 Downloaded sympy
 Downloaded numpy
 Downloaded nvidia-nvjitlink-cu12
 Downloaded nvidia-curand-cu12
 Downloaded transformers
 Downloaded nvidia-cuda-nvrtc-cu12
 Downloaded nvidia-cufft-cu12
 Downloaded triton
 Downloaded nvidia-cusolver-cu12
 Downloaded nvidia-cusparse-cu12
 Downloaded nvidia-cusparselt-cu12
 Downloaded nvidia-nccl-cu12
 Downloaded nvidia-cublas-cu12
 Downloaded nvidia-cudnn-cu12
 Downloaded torch
Prepared 50 packages in 34.15s
Installed 50 packages in 3.77s
 + anyio==4.15.1
 + certifi==2026.7.22
 + charset-normalizer==3.5.1
 + filelock==4.0.1
 + fsspec==2026.9.0
 + h11==0.16.0
 + hf-xet==1.6.0
 + httpcore==1.0.9
 + httpx==0.28.1
 + huggingface-hub==0.36.2
 + idna==3.20
 + iniconfig==2.3.0
 + jev-guided-decoding==0.1.0 (from file:///home/study/jev-guided-decoding)
 + jinja2==3.1.6
 + markupsafe==3.0.3
 + mpmath==1.3.0
 + networkx==3.6.1
 + numpy==2.5.3
 + nvidia-cublas-cu12==12.8.4.1
 + nvidia-cuda-cupti-cu12==12.8.90
 + nvidia-cuda-nvrtc-cu12==12.8.93
 + nvidia-cuda-runtime-cu12==12.8.90
 + nvidia-cudnn-cu12==9.10.2.21
 + nvidia-cufft-cu12==11.3.3.83
 + nvidia-cufile-cu12==1.13.1.3
 + nvidia-curand-cu12==10.3.9.90
 + nvidia-cusolver-cu12==11.7.3.90
 + nvidia-cusparse-cu12==12.5.8.93
 + nvidia-cusparselt-cu12==0.7.1
 + nvidia-nccl-cu12==2.27.3
 + nvidia-nvjitlink-cu12==12.8.93
 + nvidia-nvtx-cu12==12.8.90
 + packaging==26.3
 + pluggy==1.6.0
 + pygments==2.21.0
 + pytest==8.4.2
 + pyyaml==6.0.3
 + regex==2026.9.10
 + requests==2.34.2
 + ruff==0.16.8
 + safetensors==0.8.0
 + setuptools==84.0.0
 + sympy==1.14.0
 + tokenizers==0.22.2
 + torch==2.8.0
 + tqdm==4.70.1
 + transformers==4.57.1
 + triton==3.4.0
 + typing-extensions==4.16.0
 + urllib3==2.8.0
CPU thread pools pinned to one before offline validation
........................................................................ [ 16%]
........................................................................ [ 33%]
........................................................................ [ 50%]
........................................................................ [ 66%]
........................................................................ [ 83%]
......................................................................   [100%]
430 passed in 129.96s (0:02:09)

Fetching 12 files:   0%|          | 0/12 [00:00<?, ?it/s]
Fetching 12 files:  67%|██████▋   | 8/12 [00:00<00:00, 19.80it/s]
Fetching 12 files:  92%|█████████▏| 11/12 [00:20<00:01,  1.82s/it]
Fetching 12 files: 100%|██████████| 12/12 [01:21<00:00,  6.83s/it]
Fetching 12 files: 100%|██████████| 12/12 [01:21<00:00,  6.83s/it]
